# panel930: 17 non-closing + 5 closing, TL=8.0s, 2 rep(s), arms=('base', 'off', 'on')
[r0  1/17] 4stufen          min base=20712.174649175664 off=20712.174649175664 on=20712.174649175664 | wall  8.20/ 8.21/ 8.12  base->off:= off->on:=
[r0  2/17] bchoco06         max base=1.0000000762648291 off=1.0000000000001252 on=1.0000000000126652 | wall  8.26/ 9.98/ 9.52  base->off:tighter off->on:=
[r0  3/17] bchoco07         max base=0.9999909483405423 off=0.9999909483405423 on=0.9999909483405423 | wall  9.43/ 9.77/ 9.55  base->off:= off->on:=
[r0  4/17] bchoco08         max base=1.0000000000038425 off=1.0000000000038425 on=1.0000000000038425 | wall  7.85/ 8.30/ 8.30  base->off:= off->on:=
[r0  5/17] beuster          min base=6352.998345044135 off=6352.998345044135 on=6352.998345044135 | wall  8.14/ 8.13/ 8.15  base->off:= off->on:=
[r0  6/17] casctanks        min base=-90.1786232975983 off=-90.1786232975983 on=-90.1786232975983 | wall  8.14/ 8.39/ 8.15  base->off:= off->on:=
[r0  7/17] clay0303hfsg     min base=None off=None on=None | wall  8.35/ 8.40/ 8.43  base->off:= off->on:=
[r0  8/17] contvar          min base=171244.81148782672 off=171244.81148782672 on=171244.81148782672 | wall 11.02/11.03/ 8.17  base->off:= off->on:=
[r0  9/17] hda              min base=-141697.43348991545 off=-64473.442402437024 on=-64473.442402437024 | wall  9.14/ 8.16/ 8.14  base->off:tighter off->on:=
[r0 10/17] heatexch_gen1    min base=38183.5317460179 off=38183.5317460179 on=38183.5317460179 | wall  8.36/ 8.25/ 8.34  base->off:= off->on:=
[r0 11/17] heatexch_gen2    min base=555767.7902857198 off=555767.7902857271 on=555767.7902857198 | wall  8.52/ 8.31/ 8.32  base->off:= off->on:=
[r0 12/17] heatexch_gen3    min base=783.0180646606207 off=783.0180646606207 on=783.0180646606207 | wall  8.73/ 8.71/ 8.73  base->off:= off->on:=
[r0 13/17] nvs05            min base=3.5424874432304425 off=3.5424874432304425 on=3.5424874432304425 | wall  8.20/ 8.18/ 8.19  base->off:= off->on:=
[r0 14/17] tls2             min base=None off=None on=None | wall 17.49/18.17/16.75  base->off:= off->on:=
[r0 15/17] tspn08           min base=None off=None on=None | wall  6.84/ 6.59/ 7.02  base->off:= off->on:=
[r0 16/17] tspn10           min base=None off=None on=None | wall  3.18/ 3.19/ 3.15  base->off:= off->on:=
[r0 17/17] tspn12           min base=None off=None on=None | wall  3.03/ 2.85/ 2.91  base->off:= off->on:=
[r1  1/17] 4stufen          min base=20712.174649175664 off=20712.174649175664 on=20712.174649175664 | wall  8.20/ 8.15/ 8.21  base->off:= off->on:=
[r1  2/17] bchoco06         max base=1.0000000762648291 off=1.0000000000001252 on=1.0000000000001252 | wall  8.17/ 8.38/ 8.44  base->off:tighter off->on:=
[r1  3/17] bchoco07         max base=0.9999909483405423 off=0.9999909483405423 on=0.9999909483405423 | wall  9.58/10.47/10.27  base->off:= off->on:=
[r1  4/17] bchoco08         max base=1.0000000000038425 off=1.0000000000038425 on=1.0000000000038425 | wall  7.95/ 7.98/ 7.92  base->off:= off->on:=
[r1  5/17] beuster          min base=6352.998345044135 off=6352.998345044135 on=6352.998345044135 | wall  8.15/ 8.14/ 8.16  base->off:= off->on:=
[r1  6/17] casctanks        min base=-90.1786232975983 off=-90.1786232975983 on=-90.1786232975983 | wall  8.48/ 8.51/ 8.23  base->off:= off->on:=
[r1  7/17] clay0303hfsg     min base=None off=None on=None | wall  8.38/ 8.54/ 8.28  base->off:= off->on:=
[r1  8/17] contvar          min base=98924.53008627544 off=171244.81148782672 on=171244.81148782672 | wall  9.52/11.11/ 8.18  base->off:tighter off->on:=
[r1  9/17] hda              min base=-141697.43348991545 off=-64473.442402437024 on=-64473.442402437024 | wall  8.17/ 8.20/ 8.15  base->off:tighter off->on:=
[r1 10/17] heatexch_gen1    min base=38183.5317460179 off=38183.5317460179 on=38183.5317460179 | wall  8.25/ 8.23/ 8.25  base->off:= off->on:=
[r1 11/17] heatexch_gen2    min base=555767.7902857198 off=555767.7902857271 on=555767.7902857198 | wall  8.31/ 8.31/ 8.56  base->off:= off->on:=
[r1 12/17] heatexch_gen3    min base=783.0180646606207 off=783.0180646606207 on=783.0180646606207 | wall  8.70/ 8.74/ 8.71  base->off:= off->on:=
[r1 13/17] nvs05            min base=3.5424874432304425 off=3.5424874432304425 on=3.5424874432304425 | wall  8.22/ 8.16/ 8.17  base->off:= off->on:=
[r1 14/17] tls2             min base=None off=None on=None | wall 15.63/16.57/16.45  base->off:= off->on:=
[r1 15/17] tspn08           min base=None off=None on=None | wall  6.63/ 7.07/ 7.16  base->off:= off->on:=
[r1 16/17] tspn10           min base=None off=None on=None | wall  4.08/ 3.84/ 3.97  base->off:= off->on:=
[r1 17/17] tspn12           min base=None off=None on=None | wall  3.45/ 3.51/ 3.65  base->off:= off->on:=

# closers (arms must be inert: identical nodes and objective)
  ex1221           nodes={'base': 5, 'off': 5, 'on': 5} obj={'base': 7.667180068813135, 'off': 7.667180068813135, 'on': 7.667180068813135} OK
  ex1224           nodes={'base': 5, 'off': 5, 'on': 5} obj={'base': -0.9434704942820807, 'off': -0.9434704942820807, 'on': -0.9434704942820807} OK
  ex14_1_9         nodes={'base': 3, 'off': 3, 'on': 3} obj={'base': -1.9775220623231286e-16, 'off': -1.9775220623231286e-16, 'on': -1.9775220623231286e-16} OK
  nvs11            nodes={'base': 55, 'off': 55, 'on': 55} obj={'base': -431.0000000000085, 'off': -431.0000000000085, 'on': -431.0000000000085} OK
  st_miqp1         nodes={'base': 15, 'off': 15, 'on': 15} obj={'base': 280.9999999906497, 'off': 280.9999999906497, 'on': 280.9999999906497} OK

# base->off  LOST=0 []
# base->off  gained=0 []
# base->off  looser=0 []
# base->off  tighter=5 ['bchoco06 (1 -> 1)', 'hda (-141697 -> -64473.4)', 'bchoco06 (1 -> 1)', 'contvar (98924.5 -> 171245)', 'hda (-141697 -> -64473.4)']
# base->off  cert_regressions=0 []
# off->on    LOST=0 []
# off->on    gained=0 []
# off->on    looser=0 []
# off->on    tighter=0 []
# off->on    cert_regressions=0 []
# UNSOUND        : 0 []
# CLOSER DRIFT   : 0 []
# wall base : n=34 total= 282.75s mean= 8.32s sd= 2.76
# wall off  : n=34 total= 288.53s mean= 8.49s sd= 2.98
# wall on   : n=34 total= 280.71s mean= 8.26s sd= 2.72
# EXECUTED ASSERTION COUNTS: {'invariant': 18, 'oracle': 12, 'pair_base_off': 24, 'pair_off_on': 24, 'closer_cmp': 5}
