# instances: 119   load(1m) at start: 1.02
# presolve budget: 11250 ms   FEAS_TOL: 1e-06
[  1/119] 4stufen                  rc=0 OFF[IterationCap,it=16,noise=0,real=0,minslack=0.0] ON[IterationCap,it=16,noise=0,real=0,last=probing] E1[infeas=False,cross=0.0]
[  2/119] alan                     rc=0 OFF[IterationCap,it=16,noise=0,real=0,minslack=0.8333333333333333] ON[IterationCap,it=16,noise=0,real=0,last=probing] E1[infeas=False,cross=-0.8333333333333333]
[  3/119] bchoco06                 rc=0 OFF[IterationCap,it=16,noise=0,real=0,minslack=0.0] ON[IterationCap,it=16,noise=0,real=0,last=probing] E1[infeas=False,cross=0.0]
[  4/119] bchoco07                 rc=0 OFF[IterationCap,it=16,noise=0,real=0,minslack=0.0] ON[IterationCap,it=16,noise=0,real=0,last=probing] E1[infeas=False,cross=0.0]
[  5/119] bchoco08                 rc=0 OFF[IterationCap,it=16,noise=0,real=0,minslack=0.0] ON[IterationCap,it=16,noise=0,real=0,last=probing] E1[infeas=False,cross=0.0]
[  6/119] beuster                  rc=0 OFF[IterationCap,it=16,noise=0,real=0,minslack=0.0] ON[IterationCap,it=16,noise=0,real=0,last=probing] E1[infeas=False,cross=0.0]
[  7/119] carton7                  rc=0 OFF[TimeBudget,it=4,noise=0,real=0,minslack=0.0] ON[TimeBudget,it=4,noise=0,real=0,last=probing] E1[infeas=False,cross=0.0]
[  8/119] casctanks                rc=0 OFF[IterationCap,it=16,noise=0,real=0,minslack=0.0] ON[IterationCap,it=16,noise=0,real=0,last=probing] E1[infeas=False,cross=0.0]
[  9/119] chance                   rc=0 OFF[NoProgress,it=2,noise=0,real=0,minslack=0.9999999999999999] ON[NoProgress,it=3,noise=0,real=0,last=probing] E1[infeas=False,cross=-0.9999999999999999]
[ 10/119] clay0303hfsg             rc=0 OFF[IterationCap,it=16,noise=0,real=0,minslack=1.0] ON[IterationCap,it=16,noise=0,real=0,last=probing] E1[infeas=False,cross=-1.0]
[ 11/119] contvar                  rc=0 OFF[TimeBudget,it=5,noise=0,real=0,minslack=0.0] ON[TimeBudget,it=5,noise=0,real=0,last=probing] E1[infeas=False,cross=0.0]
[ 12/119] cvxnonsep_nsig30         rc=0 OFF[NoProgress,it=1,noise=0,real=0,minslack=9.0] ON[NoProgress,it=1,noise=0,real=0,last=probing] E1[infeas=False,cross=-9.0]
[ 13/119] cvxnonsep_psig30         rc=0 OFF[NoProgress,it=1,noise=0,real=0,minslack=9.0] ON[NoProgress,it=1,noise=0,real=0,last=probing] E1[infeas=False,cross=-9.0]
[ 14/119] cvxnonsep_psig40r        rc=0 OFF[NoProgress,it=2,noise=0,real=0,minslack=8.999999999999998] ON[NoProgress,it=2,noise=0,real=0,last=probing] E1[infeas=False,cross=-8.999999999999998]
[ 15/119] dispatch                 rc=0 OFF[NoProgress,it=2,noise=0,real=0,minslack=58.75854375000001] ON[NoProgress,it=10,noise=0,real=0,last=probing] E1[infeas=False,cross=-58.75854375000001]
[ 16/119] ex1221                   rc=0 OFF[IterationCap,it=16,noise=0,real=0,minslack=0.6180339887498949] ON[IterationCap,it=16,noise=0,real=0,last=probing] E1[infeas=False,cross=-0.6180339887498949]
[ 17/119] ex1222                   rc=0 OFF[IterationCap,it=16,noise=0,real=0,minslack=0.0] ON[IterationCap,it=16,noise=0,real=0,last=probing] E1[infeas=False,cross=0.0]
[ 18/119] ex1223a                  rc=0 OFF[IterationCap,it=16,noise=0,real=0,minslack=1.0] ON[IterationCap,it=16,noise=0,real=0,last=probing] E1[infeas=False,cross=-1.0]
[ 19/119] ex1224                   rc=0 OFF[IterationCap,it=16,noise=0,real=0,minslack=0.997] ON[IterationCap,it=16,noise=0,real=0,last=probing] E1[infeas=False,cross=-0.997]
[ 20/119] ex1225                   rc=0 OFF[IterationCap,it=16,noise=0,real=0,minslack=0.0] ON[IterationCap,it=16,noise=0,real=0,last=probing] E1[infeas=False,cross=0.0]
[ 21/119] ex1226                   rc=0 OFF[IterationCap,it=16,noise=0,real=0,minslack=1.0] ON[IterationCap,it=16,noise=0,real=0,last=probing] E1[infeas=False,cross=-1.0]
[ 22/119] ex1233                   rc=0 OFF[IterationCap,it=16,noise=0,real=0,minslack=0.0] ON[IterationCap,it=16,noise=0,real=0,last=probing] E1[infeas=False,cross=0.0]
[ 23/119] ex1252                   rc=0 OFF[IterationCap,it=16,noise=0,real=0,minslack=0.3634339482818112] ON[IterationCap,it=16,noise=0,real=0,last=probing] E1[infeas=False,cross=-0.3634339482818112]
[ 24/119] ex1252a                  rc=0 OFF[NoProgress,it=2,noise=0,real=0,minslack=0.4965153722197872] ON[NoProgress,it=9,noise=0,real=0,last=probing] E1[infeas=False,cross=-0.4965153722197872]
[ 25/119] ex1263                   rc=0 OFF[IterationCap,it=16,noise=0,real=0,minslack=0.0] ON[IterationCap,it=16,noise=0,real=0,last=probing] E1[infeas=False,cross=0.0]
[ 26/119] ex1264                   rc=0 OFF[IterationCap,it=16,noise=0,real=0,minslack=0.0] ON[IterationCap,it=16,noise=0,real=0,last=probing] E1[infeas=False,cross=0.0]
[ 27/119] ex1265                   rc=0 OFF[IterationCap,it=16,noise=0,real=0,minslack=0.0] ON[IterationCap,it=16,noise=0,real=0,last=probing] E1[infeas=False,cross=0.0]
[ 28/119] ex1266                   rc=0 OFF[IterationCap,it=16,noise=0,real=0,minslack=0.0] ON[IterationCap,it=16,noise=0,real=0,last=probing] E1[infeas=False,cross=0.0]
[ 29/119] ex14_1_9                 rc=0 OFF[NoProgress,it=2,noise=0,real=0,minslack=900.0] ON[NoProgress,it=2,noise=0,real=0,last=probing] E1[infeas=False,cross=-900.0]
[ 30/119] ex8_1_1                  rc=0 OFF[NoProgress,it=1,noise=0,real=0,minslack=2.0] ON[NoProgress,it=1,noise=0,real=0,last=probing] E1[infeas=False,cross=-2.0]
[ 31/119] ex8_5_4                  rc=0 OFF[NoProgress,it=1,noise=0,real=0,minslack=None] ON[NoProgress,it=1,noise=0,real=0,last=probing] E1[infeas=False,cross=-inf]
[ 32/119] fac2                     rc=0 OFF[IterationCap,it=16,noise=0,real=0,minslack=1.0] ON[IterationCap,it=16,noise=0,real=0,last=probing] E1[infeas=False,cross=-1.0]
[ 33/119] flay02m                  rc=0 OFF[IterationCap,it=16,noise=0,real=0,minslack=1.0] ON[IterationCap,it=16,noise=0,real=0,last=probing] E1[infeas=False,cross=-1.0]
[ 34/119] flay03m                  rc=0 OFF[IterationCap,it=16,noise=0,real=0,minslack=1.0] ON[IterationCap,it=16,noise=0,real=0,last=probing] E1[infeas=False,cross=-1.0]
[ 35/119] fuel                     rc=0 OFF[IterationCap,it=16,noise=0,real=0,minslack=0.0] ON[IterationCap,it=16,noise=0,real=0,last=probing] E1[infeas=False,cross=0.0]
[ 36/119] gbd                      rc=0 OFF[IterationCap,it=16,noise=0,real=0,minslack=0.0] ON[IterationCap,it=16,noise=0,real=0,last=probing] E1[infeas=False,cross=0.0]
[ 37/119] gear                     rc=0 OFF[NoProgress,it=1,noise=0,real=0,minslack=48.0] ON[NoProgress,it=1,noise=0,real=0,last=probing] E1[infeas=False,cross=-48.0]
[ 38/119] gear2                    rc=0 OFF[IterationCap,it=16,noise=0,real=0,minslack=1.0] ON[IterationCap,it=16,noise=0,real=0,last=probing] E1[infeas=False,cross=-1.0]
[ 39/119] gear3                    rc=0 OFF[NoProgress,it=1,noise=0,real=0,minslack=48.0] ON[NoProgress,it=1,noise=0,real=0,last=probing] E1[infeas=False,cross=-48.0]
[ 40/119] gear4                    rc=0 OFF[NoProgress,it=1,noise=0,real=0,minslack=48.0] ON[NoProgress,it=1,noise=0,real=0,last=probing] E1[infeas=False,cross=-48.0]
[ 41/119] gkocis                   rc=0 OFF[IterationCap,it=16,noise=0,real=0,minslack=1.0] ON[IterationCap,it=16,noise=0,real=0,last=probing] E1[infeas=False,cross=-1.0]
[ 42/119] hda                      rc=0 OFF[TimeBudget,it=3,noise=0,real=0,minslack=0.0] ON[TimeBudget,it=3,noise=0,real=0,last=probing] E1[infeas=False,cross=0.0]
[ 43/119] heatexch_gen1            rc=0 OFF[IterationCap,it=16,noise=0,real=0,minslack=0.0] ON[IterationCap,it=16,noise=0,real=0,last=probing] E1[infeas=False,cross=0.0]
[ 44/119] heatexch_gen2            rc=0 OFF[IterationCap,it=16,noise=0,real=0,minslack=0.0] ON[IterationCap,it=16,noise=0,real=0,last=probing] E1[infeas=False,cross=0.0]
[ 45/119] heatexch_gen3            rc=0 OFF[TimeBudget,it=2,noise=0,real=0,minslack=0.0] ON[TimeBudget,it=2,noise=0,real=0,last=probing] E1[infeas=False,cross=0.0]
[ 46/119] kall_circles_c8a         rc=0 OFF[IterationCap,it=16,noise=0,real=0,minslack=0.55] ON[IterationCap,it=16,noise=0,real=0,last=probing] E1[infeas=False,cross=-0.55]
[ 47/119] m3                       rc=0 OFF[NoProgress,it=2,noise=0,real=0,minslack=0.0] ON[NoProgress,it=2,noise=0,real=0,last=probing] E1[infeas=False,cross=0.0]
[ 48/119] mathopt3                 rc=0 OFF[NoProgress,it=1,noise=0,real=0,minslack=None] ON[NoProgress,it=1,noise=0,real=0,last=probing] E1[infeas=False,cross=-inf]
[ 49/119] mathopt5_2               rc=0 OFF[NoProgress,it=1,noise=0,real=0,minslack=10.0] ON[NoProgress,it=1,noise=0,real=0,last=probing] E1[infeas=False,cross=-10.0]
[ 50/119] meanvar                  rc=0 OFF[NoProgress,it=2,noise=0,real=0,minslack=0.0] ON[NoProgress,it=5,noise=0,real=0,last=probing] E1[infeas=False,cross=0.0]
[ 51/119] meanvarx                 rc=0 OFF[IterationCap,it=16,noise=0,real=0,minslack=0.0] ON[IterationCap,it=16,noise=0,real=0,last=probing] E1[infeas=False,cross=0.0]
[ 52/119] nvs01                    rc=0 OFF[IterationCap,it=16,noise=0,real=0,minslack=100.0] ON[IterationCap,it=16,noise=0,real=0,last=probing] E1[infeas=False,cross=-100.0]
[ 53/119] nvs02                    rc=0 OFF[NoProgress,it=2,noise=0,real=0,minslack=5.0] ON[NoProgress,it=2,noise=0,real=0,last=probing] E1[infeas=False,cross=-5.0]
[ 54/119] nvs03                    rc=0 OFF[NoProgress,it=2,noise=0,real=0,minslack=4.0] ON[NoProgress,it=2,noise=0,real=0,last=probing] E1[infeas=False,cross=-4.0]
[ 55/119] nvs04                    rc=0 OFF[NoProgress,it=1,noise=0,real=0,minslack=200.0] ON[NoProgress,it=1,noise=0,real=0,last=probing] E1[infeas=False,cross=-200.0]
[ 56/119] nvs05                    rc=0 OFF[IterationCap,it=16,noise=0,real=0,minslack=34.0] ON[IterationCap,it=16,noise=0,real=0,last=probing] E1[infeas=False,cross=-34.0]
[ 57/119] nvs06                    rc=0 OFF[NoProgress,it=1,noise=0,real=0,minslack=199.0] ON[NoProgress,it=1,noise=0,real=0,last=probing] E1[infeas=False,cross=-199.0]
[ 58/119] nvs07                    rc=0 OFF[NoProgress,it=2,noise=0,real=0,minslack=197.0] ON[NoProgress,it=2,noise=0,real=0,last=probing] E1[infeas=False,cross=-197.0]
[ 59/119] nvs08                    rc=0 OFF[NoProgress,it=2,noise=0,real=0,minslack=199.9879098530181] ON[IterationCap,it=16,noise=0,real=0,last=probing] E1[infeas=False,cross=-199.9879098530181]
[ 60/119] nvs09                    rc=0 OFF[NoProgress,it=1,noise=0,real=0,minslack=6.0] ON[NoProgress,it=1,noise=0,real=0,last=probing] E1[infeas=False,cross=-6.0]
[ 61/119] nvs10                    rc=0 OFF[NoProgress,it=2,noise=0,real=0,minslack=8.0] ON[NoProgress,it=2,noise=0,real=0,last=probing] E1[infeas=False,cross=-8.0]
[ 62/119] nvs11                    rc=0 OFF[NoProgress,it=2,noise=0,real=0,minslack=8.0] ON[NoProgress,it=2,noise=0,real=0,last=probing] E1[infeas=False,cross=-8.0]
[ 63/119] nvs12                    rc=0 OFF[NoProgress,it=2,noise=0,real=0,minslack=11.0] ON[NoProgress,it=2,noise=0,real=0,last=probing] E1[infeas=False,cross=-11.0]
[ 64/119] nvs13                    rc=0 OFF[NoProgress,it=2,noise=0,real=0,minslack=12.0] ON[NoProgress,it=2,noise=0,real=0,last=probing] E1[infeas=False,cross=-12.0]
[ 65/119] nvs14                    rc=0 OFF[NoProgress,it=2,noise=0,real=0,minslack=5.0] ON[NoProgress,it=2,noise=0,real=0,last=probing] E1[infeas=False,cross=-5.0]
[ 66/119] nvs15                    rc=0 OFF[NoProgress,it=2,noise=0,real=0,minslack=1.0] ON[NoProgress,it=2,noise=0,real=0,last=probing] E1[infeas=False,cross=-1.0]
[ 67/119] nvs16                    rc=0 OFF[NoProgress,it=1,noise=0,real=0,minslack=200.0] ON[NoProgress,it=1,noise=0,real=0,last=probing] E1[infeas=False,cross=-200.0]
[ 68/119] nvs17                    rc=0 OFF[NoProgress,it=1,noise=0,real=0,minslack=200.0] ON[NoProgress,it=1,noise=0,real=0,last=probing] E1[infeas=False,cross=-200.0]
[ 69/119] nvs18                    rc=0 OFF[NoProgress,it=2,noise=0,real=0,minslack=14.0] ON[NoProgress,it=2,noise=0,real=0,last=probing] E1[infeas=False,cross=-14.0]
[ 70/119] nvs19                    rc=0 OFF[NoProgress,it=1,noise=0,real=0,minslack=200.0] ON[NoProgress,it=1,noise=0,real=0,last=probing] E1[infeas=False,cross=-200.0]
[ 71/119] nvs20                    rc=0 OFF[NoProgress,it=2,noise=0,real=0,minslack=199.99999999999994] ON[NoProgress,it=3,noise=0,real=0,last=probing] E1[infeas=False,cross=-199.99999999999994]
[ 72/119] nvs21                    rc=0 OFF[NoProgress,it=1,noise=0,real=0,minslack=0.2] ON[NoProgress,it=1,noise=0,real=0,last=probing] E1[infeas=False,cross=-0.2]
[ 73/119] nvs22                    rc=0 OFF[NoProgress,it=2,noise=0,real=0,minslack=8.927184756844822] ON[NoProgress,it=2,noise=0,real=0,last=probing] E1[infeas=False,cross=-8.927184756844822]
[ 74/119] nvs23                    rc=0 OFF[NoProgress,it=1,noise=0,real=0,minslack=200.0] ON[NoProgress,it=1,noise=0,real=0,last=probing] E1[infeas=False,cross=-200.0]
[ 75/119] nvs24                    rc=0 OFF[NoProgress,it=1,noise=0,real=0,minslack=200.0] ON[NoProgress,it=1,noise=0,real=0,last=probing] E1[infeas=False,cross=-200.0]
[ 76/119] oaer                     rc=0 OFF[IterationCap,it=16,noise=0,real=0,minslack=1.0] ON[IterationCap,it=16,noise=0,real=0,last=probing] E1[infeas=False,cross=-1.0]
[ 77/119] prob02                   rc=0 OFF[NoProgress,it=2,noise=0,real=0,minslack=14.0] ON[NoProgress,it=2,noise=0,real=0,last=probing] E1[infeas=False,cross=-14.0]
[ 78/119] prob03                   rc=0 OFF[NoProgress,it=1,noise=0,real=0,minslack=4.0] ON[NoProgress,it=1,noise=0,real=0,last=probing] E1[infeas=False,cross=-4.0]
[ 79/119] prob06                   rc=0 OFF[NoProgress,it=1,noise=0,real=0,minslack=4.5] ON[NoProgress,it=1,noise=0,real=0,last=probing] E1[infeas=False,cross=-4.5]
[ 80/119] prob10                   rc=0 OFF[NoProgress,it=2,noise=0,real=0,minslack=7.0] ON[NoProgress,it=2,noise=0,real=0,last=probing] E1[infeas=False,cross=-7.0]
[ 81/119] st_e01                   rc=0 OFF[NoProgress,it=1,noise=0,real=0,minslack=4.0] ON[NoProgress,it=1,noise=0,real=0,last=probing] E1[infeas=False,cross=-4.0]
[ 82/119] st_e02                   rc=0 OFF[NoProgress,it=2,noise=0,real=0,minslack=5.9023] ON[NoProgress,it=2,noise=0,real=0,last=probing] E1[infeas=False,cross=-5.9023]
[ 83/119] st_e03                   rc=0 OFF[NoProgress,it=2,noise=0,real=0,minslack=1.5539999999999994] ON[IterationCap,it=16,noise=0,real=0,last=probing] E1[infeas=False,cross=-1.5539999999999994]
[ 84/119] st_e04                   rc=0 OFF[NoProgress,it=2,noise=0,real=0,minslack=15.1] ON[NoProgress,it=2,noise=0,real=0,last=probing] E1[infeas=False,cross=-15.1]
[ 85/119] st_e05                   rc=0 OFF[NoProgress,it=2,noise=0,real=0,minslack=199.99999999999994] ON[NoProgress,it=3,noise=0,real=0,last=probing] E1[infeas=False,cross=-199.99999999999994]
[ 86/119] st_e06                   rc=0 OFF[NoProgress,it=1,noise=0,real=0,minslack=12.5] ON[NoProgress,it=1,noise=0,real=0,last=probing] E1[infeas=False,cross=-12.5]
[ 87/119] st_e07                   rc=0 OFF[NoProgress,it=2,noise=0,real=0,minslack=2.0] ON[NoProgress,it=2,noise=0,real=0,last=probing] E1[infeas=False,cross=-2.0]
[ 88/119] st_e08                   rc=0 OFF[NoProgress,it=1,noise=0,real=0,minslack=1.0] ON[NoProgress,it=1,noise=0,real=0,last=probing] E1[infeas=False,cross=-1.0]
[ 89/119] st_e09                   rc=0 OFF[NoProgress,it=1,noise=0,real=0,minslack=1.0] ON[NoProgress,it=1,noise=0,real=0,last=probing] E1[infeas=False,cross=-1.0]
[ 90/119] st_e11                   rc=0 OFF[NoProgress,it=2,noise=0,real=0,minslack=17.0] ON[IterationCap,it=16,noise=0,real=0,last=probing] E1[infeas=False,cross=-17.0]
[ 91/119] st_e13                   rc=0 OFF[IterationCap,it=16,noise=0,real=0,minslack=1.0] ON[IterationCap,it=16,noise=0,real=0,last=probing] E1[infeas=False,cross=-1.0]
[ 92/119] st_e15                   rc=0 OFF[IterationCap,it=16,noise=0,real=0,minslack=0.6180339887498949] ON[IterationCap,it=16,noise=0,real=0,last=probing] E1[infeas=False,cross=-0.6180339887498949]
[ 93/119] st_e17                   rc=0 OFF[NoProgress,it=2,noise=0,real=0,minslack=29.91029150322592] ON[IterationCap,it=16,noise=0,real=0,last=probing] E1[infeas=False,cross=-29.91029150322592]
[ 94/119] st_e18                   rc=0 OFF[NoProgress,it=1,noise=0,real=0,minslack=4.0] ON[NoProgress,it=1,noise=0,real=0,last=probing] E1[infeas=False,cross=-4.0]
[ 95/119] st_e27                   rc=0 OFF[IterationCap,it=16,noise=0,real=0,minslack=1.0] ON[IterationCap,it=16,noise=0,real=0,last=probing] E1[infeas=False,cross=-1.0]
[ 96/119] st_e29                   rc=0 OFF[IterationCap,it=16,noise=0,real=0,minslack=0.997] ON[IterationCap,it=16,noise=0,real=0,last=probing] E1[infeas=False,cross=-0.997]
[ 97/119] st_e31                   rc=0 OFF[IterationCap,it=16,noise=0,real=0,minslack=1.0] ON[IterationCap,it=16,noise=0,real=0,last=probing] E1[infeas=False,cross=-1.0]
[ 98/119] st_e35                   rc=0 OFF[IterationCap,it=16,noise=0,real=0,minslack=0.0] ON[IterationCap,it=16,noise=0,real=0,last=probing] E1[infeas=False,cross=0.0]
[ 99/119] st_e36                   rc=0 OFF[NoProgress,it=2,noise=0,real=0,minslack=2.4999999999999996] ON[NoProgress,it=2,noise=0,real=0,last=probing] E1[infeas=False,cross=-2.4999999999999996]
[100/119] st_e38                   rc=0 OFF[NoProgress,it=2,noise=0,real=0,minslack=39.99999999999997] ON[IterationCap,it=16,noise=0,real=0,last=probing] E1[infeas=False,cross=-39.99999999999997]
[101/119] st_e40                   rc=0 OFF[NoProgress,it=2,noise=0,real=0,minslack=11.0] ON[NoProgress,it=2,noise=0,real=0,last=probing] E1[infeas=False,cross=-11.0]
[102/119] st_miqp1                 rc=0 OFF[NoProgress,it=2,noise=0,real=0,minslack=0.0] ON[NoProgress,it=2,noise=0,real=0,last=probing] E1[infeas=False,cross=0.0]
[103/119] st_miqp2                 rc=0 OFF[IterationCap,it=16,noise=0,real=0,minslack=1.0] ON[IterationCap,it=16,noise=0,real=0,last=probing] E1[infeas=False,cross=-1.0]
[104/119] st_miqp3                 rc=0 OFF[NoProgress,it=2,noise=0,real=0,minslack=3.0] ON[NoProgress,it=2,noise=0,real=0,last=probing] E1[infeas=False,cross=-3.0]
[105/119] st_miqp4                 rc=0 OFF[IterationCap,it=16,noise=0,real=0,minslack=1.0] ON[IterationCap,it=16,noise=0,real=0,last=probing] E1[infeas=False,cross=-1.0]
[106/119] st_miqp5                 rc=0 OFF[NoProgress,it=5,noise=0,real=0,minslack=1.0] ON[NoProgress,it=4,noise=0,real=0,last=probing] E1[infeas=False,cross=-1.0]
[107/119] st_ph10                  rc=0 OFF[IterationCap,it=16,noise=0,real=0,minslack=1.0] ON[IterationCap,it=16,noise=0,real=0,last=probing] E1[infeas=False,cross=-1.0]
[108/119] st_test1                 rc=0 OFF[NoProgress,it=1,noise=0,real=0,minslack=1.0] ON[NoProgress,it=1,noise=0,real=0,last=probing] E1[infeas=False,cross=-1.0]
[109/119] st_testgr3               rc=0 OFF[NoProgress,it=2,noise=0,real=0,minslack=17.0] ON[NoProgress,it=2,noise=0,real=0,last=probing] E1[infeas=False,cross=-17.0]
[110/119] syn05hfsg                rc=0 OFF[IterationCap,it=16,noise=0,real=0,minslack=0.0] ON[IterationCap,it=16,noise=0,real=0,last=probing] E1[infeas=False,cross=0.0]
[111/119] syn05m                   rc=0 OFF[IterationCap,it=16,noise=0,real=0,minslack=1.0] ON[IterationCap,it=16,noise=0,real=0,last=probing] E1[infeas=False,cross=-1.0]
[112/119] tanksize                 rc=0 OFF[IterationCap,it=16,noise=0,real=0,minslack=0.0] ON[IterationCap,it=16,noise=0,real=0,last=probing] E1[infeas=False,cross=0.0]
[113/119] tls2                     rc=0 OFF[IterationCap,it=16,noise=0,real=0,minslack=0.0] ON[IterationCap,it=16,noise=0,real=0,last=probing] E1[infeas=False,cross=0.0]
[114/119] trig                     rc=0 OFF[NoProgress,it=1,noise=0,real=0,minslack=7.0] ON[NoProgress,it=1,noise=0,real=0,last=probing] E1[infeas=False,cross=-7.0]
[115/119] tspn05                   rc=0 OFF[NoProgress,it=2,noise=0,real=0,minslack=1.0] ON[NoProgress,it=8,noise=0,real=0,last=probing] E1[infeas=False,cross=-1.0]
[116/119] tspn08                   rc=0 OFF[NoProgress,it=2,noise=0,real=0,minslack=1.0] ON[NoProgress,it=3,noise=0,real=0,last=probing] E1[infeas=False,cross=-1.0]
[117/119] tspn10                   rc=0 OFF[NoProgress,it=2,noise=0,real=0,minslack=1.0] ON[NoProgress,it=4,noise=0,real=0,last=probing] E1[infeas=False,cross=-1.0]
[118/119] tspn12                   rc=0 OFF[NoProgress,it=2,noise=0,real=0,minslack=1.0] ON[NoProgress,it=9,noise=0,real=0,last=probing] E1[infeas=False,cross=-1.0]
[119/119] util                     rc=0 OFF[IterationCap,it=16,noise=0,real=0,minslack=0.0] ON[IterationCap,it=16,noise=0,real=0,last=probing] E1[infeas=False,cross=0.0]

## VERDICT
  EXECUTED BOUND COMPARISONS : 22116
  comparable instances       : 119 of 119
  wall 232.6s   load 1.02 -> 3.98
  OFF terminated Infeasible  : 0  []
  ON  terminated Infeasible  : 0  []
  --- crossing census, split at FEAS_TOL ---
  OFF instances w/ NOISE crossings (0 < lo-hi <= 1e-6) : 0
  OFF instances w/ GENUINE crossings (lo-hi > 1e-6)    : 0
  ON  instances w/ NOISE crossings                     : 0
  ON  instances w/ GENUINE crossings                   : 0
  --- E1: FBBT kernel from the UNSEEDED arm's own certified final box ---
  E1 declared the certified box EMPTY on : 0 instance(s)
  E1 declared the DECLARED box empty on  : 0 instance(s) (control)

artifact: /home/user/discopt/reports/card3e_infeasible_root_cause_ed2da7bd.json
