[1/66] 4stufen: off(status=time_limit bound=19088.85094390511 wall=7.6) on(status=time_limit bound=20282.050738736412 wall=11.9)
[2/66] alan: off(status=optimal bound=2.9249999983013426 wall=0.4) on(status=optimal bound=2.9249999983013426 wall=0.5)
[3/66] bchoco06: off(status=time_limit bound=0.9999775725261142 wall=6.9) on(status=time_limit bound=0.9999887909788633 wall=9.3)
[4/66] bchoco07: off(status=time_limit bound=1.000000000000286 wall=9.7) on(status=time_limit bound=1.000000000000286 wall=12.6)
[5/66] bchoco08: off(status=time_limit bound=0.9999999999999977 wall=8.7) on(status=time_limit bound=1.000000000002788 wall=10.7)
[6/66] beuster: off(status=time_limit bound=6352.496273335277 wall=7.7) on(status=time_limit bound=6352.496273336773 wall=8.7)
[7/66] casctanks: off(status=time_limit bound=0.9022533305714641 wall=9.2) on(status=time_limit bound=0.9022533305714641 wall=9.1)
[8/66] chance: off(status=optimal bound=29.894378166613386 wall=1.0) on(status=optimal bound=29.894378166613386 wall=0.9)
[9/66] clay0303hfsg: off(status=time_limit bound=None wall=22.0) on(status=time_limit bound=-1.2309090908977703e-05 wall=8.7)
[10/66] contvar: off(status=time_limit bound=183430.50053431175 wall=10.8) on(status=time_limit bound=183430.50053431175 wall=11.7)
[11/66] cvxnonsep_nsig30: off(status=feasible bound=130.61538937664145 wall=8.6) on(status=optimal bound=130.61841392487688 wall=7.3)
[12/66] cvxnonsep_psig30: off(status=optimal bound=78.99179874365787 wall=5.1) on(status=optimal bound=78.99179874365787 wall=3.4)
[13/66] cvxnonsep_psig40r: off(status=feasible bound=86.46369846819945 wall=8.5) on(status=feasible bound=86.50703983477308 wall=8.7)
[14/66] dispatch: off(status=optimal bound=3155.287861536673 wall=1.2) on(status=optimal bound=3155.287861536673 wall=0.9)
[15/66] ex1221: off(status=optimal bound=7.667180068813077 wall=1.6) on(status=optimal bound=7.667180068813077 wall=1.3)
[16/66] ex1222: off(status=optimal bound=1.0765430833322571 wall=1.2) on(status=optimal bound=1.0765430833322571 wall=1.1)
[17/66] ex1224: off(status=optimal bound=-0.9434705000000165 wall=3.6) on(status=optimal bound=-0.9434705000000165 wall=3.1)
[18/66] ex1225: off(status=optimal bound=30.999999999999844 wall=3.2) on(status=optimal bound=30.999999999999844 wall=2.9)
[19/66] ex1226: off(status=optimal bound=-17.00000000000013 wall=1.8) on(status=optimal bound=-17.00000000000013 wall=1.6)
[20/66] ex14_1_9: off(status=optimal bound=0.0 wall=1.0) on(status=optimal bound=0.0 wall=0.9)
